[2m2026-03-04T07:57:10.073139Z[0m [33m WARN[0m [2mlaunch_plus_core::orchestrator[0m[2m:[0m py_resolver [launch-plus/example/autoware/src/launcher/autoware_launch/sensor_kit/sample_sensor_kit_launch/common_sensor_launch/launch/nebula_node_container.launch.py]: get_package_share_directory('common_sensor_launch') is non-idiomatic; prefer FindPackageShare('common_sensor_launch') from launch_ros.substitutions
[2m2026-03-04T07:57:10.073183Z[0m [33m WARN[0m [2mlaunch_plus_core::orchestrator[0m[2m:[0m py_resolver [launch-plus/example/autoware/src/launcher/autoware_launch/sensor_kit/sample_sensor_kit_launch/common_sensor_launch/launch/nebula_node_container.launch.py]: get_package_share_directory('nebula_velodyne_decoders') is non-idiomatic; prefer FindPackageShare('nebula_velodyne_decoders') from launch_ros.substitutions
[2m2026-03-04T07:57:10.151591Z[0m [33m WARN[0m [2mlaunch_plus_core::orchestrator[0m[2m:[0m py_resolver [launch-plus/example/autoware/src/launcher/autoware_launch/sensor_kit/sample_sensor_kit_launch/common_sensor_launch/launch/nebula_node_container.launch.py]: get_package_share_directory('common_sensor_launch') is non-idiomatic; prefer FindPackageShare('common_sensor_launch') from launch_ros.substitutions
[2m2026-03-04T07:57:10.151628Z[0m [33m WARN[0m [2mlaunch_plus_core::orchestrator[0m[2m:[0m py_resolver [launch-plus/example/autoware/src/launcher/autoware_launch/sensor_kit/sample_sensor_kit_launch/common_sensor_launch/launch/nebula_node_container.launch.py]: get_package_share_directory('nebula_velodyne_decoders') is non-idiomatic; prefer FindPackageShare('nebula_velodyne_decoders') from launch_ros.substitutions
[2m2026-03-04T07:57:10.190910Z[0m [33m WARN[0m [2mlaunch_plus_core::orchestrator[0m[2m:[0m py_resolver [launch-plus/example/autoware/src/launcher/autoware_launch/sensor_kit/sample_sensor_kit_launch/sample_sensor_kit_launch/launch/pointcloud_preprocessor.launch.py]: get_package_share_directory('sample_sensor_kit_launch') is non-idiomatic; prefer FindPackageShare('sample_sensor_kit_launch') from launch_ros.substitutions
[2m2026-03-04T07:57:10.978297Z[0m [33m WARN[0m [2mlaunch_plus_core::orchestrator[0m[2m:[0m py_resolver [launch-plus/example/autoware/src/universe/autoware_universe/perception/autoware_probabilistic_occupancy_grid_map/launch/pointcloud_based_occupancy_grid_map.launch.py]: get_package_share_directory('autoware_probabilistic_occupancy_grid_map') is non-idiomatic; prefer FindPackageShare('autoware_probabilistic_occupancy_grid_map') from launch_ros.substitutions
[2m2026-03-04T07:57:10.978330Z[0m [33m WARN[0m [2mlaunch_plus_core::orchestrator[0m[2m:[0m py_resolver [launch-plus/example/autoware/src/universe/autoware_universe/perception/autoware_probabilistic_occupancy_grid_map/launch/pointcloud_based_occupancy_grid_map.launch.py]: get_package_share_directory('autoware_probabilistic_occupancy_grid_map') is non-idiomatic; prefer FindPackageShare('autoware_probabilistic_occupancy_grid_map') from launch_ros.substitutions
[2m2026-03-04T07:57:12.938327Z[0m [32m INFO[0m [2mlaunch_plus_core::orchestrator[0m[2m:[0m Fetching 219 transitive dependencies...
[2m2026-03-04T07:57:13.055985Z[0m [32m INFO[0m [2mlaunch_plus_core::orchestrator[0m[2m:[0m Resolution complete: 113 direct packages, 290 total packages (147 external), 219 packages fetched, 1 errors, 23 warnings
[2m2026-03-04T07:57:13.056215Z[0m [33m WARN[0m [2mlaunch_plus_core::resolver[0m[2m:[0m load_composable_node targets 'pointcloud_container' which does not appear before it in the resolved output; launch may fail at runtime if the container is not yet running
[2m2026-03-04T07:57:13.056221Z[0m [33m WARN[0m [2mlaunch_plus_core::resolver[0m[2m:[0m load_composable_node targets '/pointcloud_container' which does not appear before it in the resolved output; launch may fail at runtime if the container is not yet running
[2m2026-03-04T07:57:13.056226Z[0m [33m WARN[0m [2mlaunch_plus_core::resolver[0m[2m:[0m load_composable_node targets 'pointcloud_container' which does not appear before it in the resolved output; launch may fail at runtime if the container is not yet running
[2m2026-03-04T07:57:13.056238Z[0m [33m WARN[0m [2mlaunch_plus_core::resolver[0m[2m:[0m load_composable_node targets 'pointcloud_container' which does not appear before it in the resolved output; launch may fail at runtime if the container is not yet running
[2m2026-03-04T07:57:13.056242Z[0m [33m WARN[0m [2mlaunch_plus_core::resolver[0m[2m:[0m load_composable_node targets 'pointcloud_container' which does not appear before it in the resolved output; launch may fail at runtime if the container is not yet running
[2m2026-03-04T07:57:13.056246Z[0m [33m WARN[0m [2mlaunch_plus_core::resolver[0m[2m:[0m load_composable_node targets 'pointcloud_container' which does not appear before it in the resolved output; launch may fail at runtime if the container is not yet running
[2m2026-03-04T07:57:13.056250Z[0m [33m WARN[0m [2mlaunch_plus_core::resolver[0m[2m:[0m load_composable_node targets 'pointcloud_container' which does not appear before it in the resolved output; launch may fail at runtime if the container is not yet running
[2m2026-03-04T07:57:13.056253Z[0m [33m WARN[0m [2mlaunch_plus_core::resolver[0m[2m:[0m load_composable_node targets 'pointcloud_container' which does not appear before it in the resolved output; launch may fail at runtime if the container is not yet running

[error] param file not found: '/opt/ros/humble/share/ublox_gps/c94_f9p_rover.yaml' (resolved from '$(find-pkg-share ublox_gps)/c94_f9p_rover.yaml')

[warning] autoware_launch://launch/autoware.launch.xml: <include> inside <group scoped="false"> — '$(find-pkg-share autoware_global_parameter_loader)/launch/gl...' leaks its internal variables into the parent scope; move the <include> out of the group
[warning] autoware_launch://launch/autoware.launch.xml: $(env HOME) has no fallback — will fail if the environment variable is unset; use $(env HOME <default>)
[warning] autoware_launch://launch/components/tier4_sensing_component.launch.xml: <include> inside <group scoped="false"> — '$(find-pkg-share autoware_global_parameter_loader)/launch/gl...' leaks its internal variables into the parent scope; move the <include> out of the group
[warning] common_sensor_launch://launch/nebula_node_container.launch.py: get_package_share_directory('common_sensor_launch') is non-idiomatic; prefer FindPackageShare('common_sensor_launch') from launch_ros.substitutions
[warning] common_sensor_launch://launch/nebula_node_container.launch.py: get_package_share_directory('nebula_velodyne_decoders') is non-idiomatic; prefer FindPackageShare('nebula_velodyne_decoders') from launch_ros.substitutions
[warning] common_sensor_launch://launch/nebula_node_container.launch.py: get_package_share_directory('common_sensor_launch') is non-idiomatic; prefer FindPackageShare('common_sensor_launch') from launch_ros.substitutions
[warning] common_sensor_launch://launch/nebula_node_container.launch.py: get_package_share_directory('nebula_velodyne_decoders') is non-idiomatic; prefer FindPackageShare('nebula_velodyne_decoders') from launch_ros.substitutions
[warning] sample_sensor_kit_launch://launch/pointcloud_preprocessor.launch.py: get_package_share_directory('sample_sensor_kit_launch') is non-idiomatic; prefer FindPackageShare('sample_sensor_kit_launch') from launch_ros.substitutions
[warning] autoware_launch://launch/components/tier4_localization_component.launch.xml: <include> inside <group scoped="false"> — '$(find-pkg-share autoware_global_parameter_loader)/launch/gl...' leaks its internal variables into the parent scope; move the <include> out of the group
[warning] autoware_launch://launch/components/tier4_perception_component.launch.xml: <include> inside <group scoped="false"> — '$(find-pkg-share autoware_global_parameter_loader)/launch/gl...' leaks its internal variables into the parent scope; move the <include> out of the group
[warning] autoware_launch://launch/components/tier4_perception_component.launch.xml: $(env HOME) has no fallback — will fail if the environment variable is unset; use $(env HOME <default>)
[warning] tier4_perception_launch://launch/perception.launch.xml: $(env HOME) has no fallback — will fail if the environment variable is unset; use $(env HOME <default>)
[warning] autoware_probabilistic_occupancy_grid_map://launch/pointcloud_based_occupancy_grid_map.launch.py: get_package_share_directory('autoware_probabilistic_occupancy_grid_map') is non-idiomatic; prefer FindPackageShare('autoware_probabilistic_occupancy_grid_map') from launch_ros.substitutions
[warning] autoware_probabilistic_occupancy_grid_map://launch/pointcloud_based_occupancy_grid_map.launch.py: get_package_share_directory('autoware_probabilistic_occupancy_grid_map') is non-idiomatic; prefer FindPackageShare('autoware_probabilistic_occupancy_grid_map') from launch_ros.substitutions
[warning] tier4_perception_launch://launch/object_recognition/detection/detection.launch.xml: <include> inside <group scoped="false"> — '$(find-pkg-share tier4_perception_launch)/launch/object_reco...' leaks its internal variables into the parent scope; move the <include> out of the group
[warning] autoware_lidar_centerpoint://launch/lidar_centerpoint.launch.xml: $(env HOME) has no fallback — will fail if the environment variable is unset; use $(env HOME <default>)
[warning] unportable param source '/home/taeseungsohn/autoware_data/lidar_centerpoint/centerpoint_tiny_ml_package.param.yaml': consider using $(find-pkg-share ...) for portability
[warning] unportable param source '/home/taeseungsohn/autoware_data/lidar_centerpoint/detection_class_remapper.param.yaml': consider using $(find-pkg-share ...) for portability
[warning] autoware_shape_estimation://launch/shape_estimation.launch.xml: $(env HOME) has no fallback — will fail if the environment variable is unset; use $(env HOME <default>)
[warning] autoware_launch://launch/components/tier4_planning_component.launch.xml: <include> inside <group scoped="false"> — '$(find-pkg-share autoware_global_parameter_loader)/launch/gl...' leaks its internal variables into the parent scope; move the <include> out of the group
[warning] autoware_launch://launch/components/tier4_control_component.launch.xml: <include> inside <group scoped="false"> — '$(find-pkg-share autoware_global_parameter_loader)/launch/gl...' leaks its internal variables into the parent scope; move the <include> out of the group
[warning] autoware_launch://launch/components/tier4_autoware_api_component.launch.xml: <include> inside <group scoped="false"> — '$(find-pkg-share autoware_global_parameter_loader)/launch/gl...' leaks its internal variables into the parent scope; move the <include> out of the group

1 error(s), 22 warning(s).
